[18:08:36] DRIVER: == STEP 1/4: install.sh (venv + tensorflow-cpu + microwakeword) ==
[18:08:36] creating .venv (python3.11)...
Using CPython 3.11.15
Creating virtual environment at: .venv
Activate with: source .venv/bin/activate
[18:08:36] installing tensorflow-cpu + pymicro-features...
Resolved 33 packages in 154ms
Installed 33 packages in 206ms
 + absl-py==2.4.0
 + astunparse==1.6.3
 + certifi==2026.5.20
 + charset-normalizer==3.4.7
 + flatbuffers==25.12.19
 + gast==0.7.0
 + google-pasta==0.2.0
 + grpcio==1.81.0
 + h5py==3.14.0
 + idna==3.18
 + keras==3.14.1
 + libclang==18.1.1
 + markdown-it-py==4.2.0
 + mdurl==0.1.2
 + ml-dtypes==0.5.4
 + namex==0.1.0
 + numpy==2.4.6
 + opt-einsum==3.4.0
 + optree==0.19.1
 + packaging==26.2
 + protobuf==7.35.0
 + pygments==2.20.0
 + pymicro-features==2.0.2
 + requests==2.34.2
 + rich==15.0.0
 + setuptools==82.0.1
 + six==1.17.0
 + tensorflow-cpu==2.21.0
 + termcolor==3.3.0
 + typing-extensions==4.15.0
 + urllib3==2.7.0
 + wheel==0.47.0
 + wrapt==2.2.1
[18:08:36] installing microwakeword from git...
Resolved 98 packages in 941ms
Prepared 1 package in 13ms
Uninstalled 1 package in 0.48ms
Installed 67 packages in 995ms
 + ai-edge-litert==2.1.5
 + aiohappyeyeballs==2.6.2
 + aiohttp==3.14.0
 + aiosignal==1.4.0
 + annotated-doc==0.0.4
 + anyio==4.13.0
 + attrs==19.3.0
 + audio-metadata==0.11.1
 + audiomentations==0.43.1
 + audioread==3.1.0
 + backports-strenum==1.3.1
 + bidict==0.23.1
 + bitstruct==8.22.1
 + cffi==2.0.0
 + click==8.4.1
 + datasets==4.8.5
 + decorator==5.3.1
 + dill==0.4.1
 + filelock==3.29.1
 + frozenlist==1.8.0
 + fsspec==2026.2.0
 + h11==0.16.0
 + hf-xet==1.5.0
 + httpcore==1.0.9
 + httpx==0.28.1
 + huggingface-hub==1.17.0
 + joblib==1.5.3
 + lazy-loader==0.5
 + librosa==0.11.0
 + llvmlite==0.47.0
 + microwakeword==0.1.0 (from git+https://github.com/OHF-Voice/micro-wake-word.git@a70bd740d4e79ee8a8bb3db843fe862b88d5d6b0)
 + mmap-ninja==0.8.2
 + more-itertools==8.14.0
 + msgpack==1.1.2
 + multidict==6.7.1
 + multiprocess==0.70.19
 + narwhals==2.22.0
 + numba==0.65.1
 + numpy-minmax==0.5.0
 + numpy-rms==0.6.0
 + pandas==3.0.3
 + pendulum==3.0.0
 + platformdirs==4.10.0
 + pooch==1.9.0
 + pprintpp==0.4.0
 + propcache==0.5.2
 + pyarrow==24.0.0
 + pycparser==3.0
 + python-dateutil==2.9.0.post0
 + python-stretch==0.3.1
 + pyyaml==6.0.3
 + scikit-learn==1.9.0
 + scipy==1.17.1
 + shellingham==1.5.4
 + soundfile==0.13.1
 + soxr==0.5.0.post1
 + tbm-utils==2.6.0
 + tensorflow==2.21.0
 + threadpoolctl==3.6.0
 + time-machine==3.2.0
 + tqdm==4.67.3
 + typer==0.25.1
 + tzdata==2026.2
 + webrtcvad-wheels==2.0.14
 - wrapt==2.2.1
 + wrapt==1.17.3
 + xxhash==3.7.0
 + yarl==1.24.2
[18:08:38] DONE rc=0
[18:08:38] DRIVER: == STEP 2/4: install_torch.sh (torch/piper/onnx/tensorboard/torchcodec) ==
[18:08:38] installing torch-cpu + piper-sample-generator deps...
Resolved 11 packages in 1.01s
Uninstalled 1 package in 7ms
Installed 8 packages in 161ms
 + jinja2==3.1.6
 + markupsafe==3.0.3
 + mpmath==1.3.0
 + networkx==3.6.1
 - setuptools==82.0.1
 + setuptools==70.2.0
 + sympy==1.14.0
 + torch==2.12.0+cpu
 + torchaudio==2.11.0+cpu
Resolved 58 packages in 103ms
Installed 2 packages in 8ms
 + onnxruntime==1.26.0
 + piper-tts==1.3.0
Resolved 14 packages in 151ms
Installed 2 packages in 194ms
 + onnx==1.21.0
 + tf2onnx==1.17.0
Resolved 14 packages in 226ms
Downloading torchcodec (2.8MiB)
 Downloaded torchcodec
Prepared 1 package in 162ms
Installed 6 packages in 7ms
 + markdown==3.10.2
 + pillow==12.2.0
 + tensorboard==2.20.0
 + tensorboard-data-server==0.7.2
 + torchcodec==0.14.0
 + werkzeug==3.1.8
[18:08:40] torch-stack DONE rc=0
[18:08:40] DRIVER: == STEP 3/4: prefetch.sh (piper-sample-generator + LibriTTS voice) ==
Cloning into 'piper-sample-generator'...
[18:08:41] prefetch: LibriTTS-R generator model (voice variety for positives)
  libritts .pt: 195M
[18:08:45] prefetch: smoke negative features (no_speech.zip)
  no_speech.zip: 1.9G
[18:09:18] prefetch DONE
[18:09:18] DRIVER: == STEP 4/4: train-wintermute.sh (deps -> positives -> augment -> features -> config -> train -> export -> verify) ==
[18:09:18] STAGE deps: verifying venv + imports
WARNING: All log messages before absl::InitializeLog() is called are written to STDERR
I0000 00:00:1780535359.554668  939058 cudart_stub.cc:31] Could not find cuda drivers on your machine, GPU will not be used.
I0000 00:00:1780535360.028984  939058 cpu_feature_guard.cc:227] This TensorFlow binary is optimized to use available CPU instructions in performance-critical operations.
To enable the following instructions: AVX2 FMA, in other operations, rebuild TensorFlow with the appropriate compiler flags.
WARNING: All log messages before absl::InitializeLog() is called are written to STDERR
I0000 00:00:1780535365.077743  939058 cudart_stub.cc:31] Could not find cuda drivers on your machine, GPU will not be used.
Traceback (most recent call last):
  File "<stdin>", line 3, in <module>
  File "/home/jsy/wintermute/wake-train/wintermute-train/.venv/lib/python3.11/site-packages/microwakeword/model_train_eval.py", line 34, in <module>
    import microwakeword.data as input_data
  File "/home/jsy/wintermute/wake-train/wintermute-train/.venv/lib/python3.11/site-packages/microwakeword/data.py", line 27, in <module>
    from microwakeword.audio.clips import Clips
ModuleNotFoundError: No module named 'microwakeword.audio'
import check FAILED
[18:09:29] DRIVER: == train pipeline exited rc=1 ==
[DRIVER EXIT 1]
